// Jest Snapshot v1, https://goo.gl/fbAQLP

exports[`Code should render 1`] = `
<div>
  <code
    class="chakra-text css-cjo7mn"
  >
    Code
  </code>
</div>
`;
